2025-03-11 00:34:12-SEANPNEX-redesigned the page
2025-03-11 00:49:41-SEANPNEX-remove pdf-previewer
2025-03-11 00:56:49-SEANPNEX-test rollup package
2025-03-11 00:57:48-SEANPNEX-test rollup package 2
2025-03-11 01:11:40-SEANPNEX-test resume fix :monocle_face:
2025-03-13 10:42:18-SEANPNEX-test resume fix 2 :monocle_face:
2025-03-16 22:39:52-SEANPNEX-add language support :monocle_face:
2025-03-17 10:30:07-SEANPNEX-add one page :white_check_mark:
2025-03-17 18:50:35-SEANPNEX-add reports from projects :zap:
2025-03-17 18:55:24-SEANPNEX-change profile page :white_check_mark:
2025-03-17 18:56:42-SEANPNEX-add icon :white_check_mark:
2025-03-18 23:00:41-SEANPNEX-Update LICENSE
2025-03-20 12:00:39-SEANPNEX-add mousetracker :memo:
2025-03-20 12:05:05-SEANPNEX-try fix mousetracker :wrench:
2025-03-20 12:09:32-SEANPNEX-try fix mousetracker :wrench:
2025-03-26 10:27:43-SEANPNEX-add notes :zap:
2025-03-26 11:06:31-SEANPNEX-remove transcript
2025-03-31 02:12:52-SEANPNEX-update framework :memo:
2025-03-31 02:20:32-SEANPNEX-add README :sparkles:
2025-05-12 03:49:24-SEANPNEX-edit blog
2025-05-12 03:51:29-SEANPNEX-remove coverletter
2025-05-12 03:52:51-SEANPNEX-edit readme
2025-05-12 05:00:22-Lidamn-git
2025-05-12 05:18:03-Lidamn-git
2025-05-12 05:22:51-Lidamn-git
2025-05-12 05:38:43-Lidamn-git
2025-05-12 05:46:11-Lidamn-git
2025-05-12 06:04:41-Lidamn-revise base
2025-05-12 06:27:05-Lidamn-revise some contents
2025-05-12 06:39:29-Lidamn-update some imformation
2025-05-12 06:51:01-Lidamn-updates
2025-05-12 06:57:06-Lidamn-update some imformation
2025-05-12 07:04:46-Lidamn-revise base
2025-05-12 07:21:17-Lidamn-git
2025-05-12 07:38:47-Lidamn-revise base
2025-05-12 07:42:56-Lidamn-updates
2025-05-12 08:03:03-Lidamn-revise some contents
2026-09-29 21:57:30-Lidamn-Update resume PDF source link
